docker compose exec -e APP_ENV=test php         bin/phpunit --filter AuthTest
PHPUnit 9.6.34 by Sebastian Bergmann and contributors.

  Warning - The configuration file did not pass validation!
  The following problems have been detected:

  Line 37:
  - Element 'bootstrap': This element is not expected. Expected is ( extension ).

  Test results may not be as expected.


Testing 
[41;37mF[0m[41;37mF[0m                                                                  2 / 2 (100%)

Time: 00:00.215, Memory: 42.50 MB

There were 2 failures:

1) App\Tests\Api\AuthTest::testRegister
Failed asserting that the Response status code is 201.
HTTP/1.1 500 Internal Server Error
Cache-Control:          no-cache, private
Content-Type:           application/ld+json
Date:                   Sat, 14 Mar 2026 06:21:48 GMT
Vary:                   Accept
X-Debug-Exception:      ApiPlatform%5CMetadata%5CGet%3A%3A__construct%28%29%3A%20Argument%20%2324%20%28%24openapi%29%20must%20be%20of%20type%20ApiPlatform%5COpenApi%5CModel%5COperation%7CApiPlatform%5COpenApi%5CAttributes%5CWebhook%7Cbool%7Cnull%2C%20array%20given%2C%20called%20in%20%2Fapp%2Fsrc%2FEntity%2FUser.php%20on%20line%2022
X-Debug-Exception-File: %2Fapp%2Fsrc%2FEntity%2FUser.php:28
X-Robots-Tag:           noindex

{"type":"https:\/\/tools.ietf.org\/html\/rfc2616#section-10","title":"An error occurred","status":500,"detail":"ApiPlatform\\Metadata\\Get::__construct(): Argument #24 ($openapi) must be of type ApiPlatform\\OpenApi\\Model\\Operation|ApiPlatform\\OpenApi\\Attributes\\Webhook|bool|null, array given, called in \/app\/src\/Entity\/User.php on line 22","class":"TypeError","trace":[{"namespace":"","short_class":"","class":"","type":"","function":"","file":"\/app\/src\/Entity\/User.php","line":28,"args":[]},{"namespace":"","short_class":"","class":"","type":"","function":"[constant expression]","file":"\/app\/vendor\/api-platform\/metadata\/Get.php","line":23,"args":[]},{"namespace":"ApiPlatform\\Metadata","short_class":"Get","class":"ApiPlatform\\Metadata\\Get","type":"-\u003E","function":"__construct","file":"\/app\/src\/Entity\/User.php","line":22,"args":[["string","\/me"],["null",null],["null",null],["null",null],["null",null],["null",null],["null",null],["null",null],["null",null],["null",null],["null",null],["null",null],["null",null],["null",null],["null",null],["null",null],["null",null],["null",null],["string","App\\Controller\\MeController"],["null",null],["null",null],["null",null],["null",null],["array",{"summary":["string","Get current user profile"]}],["null",null],["null",null],["null",null],["null",null],["null",null],["null",null],["null",null],["null",null],["null",null],["null",null],["null",null],["null",null],["null",null],["null",null],["null",null],["null",null],["null",null],["null",null],["null",null],["null",null],["null",null],["null",null],["null",null],["null",null],["null",null],["null",null],["null",null],["null",null],["null",null],["null",null],["null",null],["null",null],["null",null],["null",null],["null",null],["boolean",false],["null",null],["null",null],["null",null],["null",null],["null",null],["null",null],["null",null],["string","me"]]},{"namespace":"","short_class":"ReflectionAttribute","class":"ReflectionAttribute","type":"-\u003E","function":"newInstance","file":"\/app\/vendor\/api-platform\/metadata\/Resource\/Factory\/AttributesResourceMetadataCollectionFactory.php","line":45,"args":[]},{"namespace":"ApiPlatform\\Metadata\\Resource\\Factory","short_class":"AttributesResourceMetadataCollectionFactory","class":"ApiPlatform\\Metadata\\Resource\\Factory\\AttributesResourceMetadataCollectionFactory","type":"-\u003E","function":"create","file":"\/app\/vendor\/api-platform\/metadata\/Resource\/Factory\/ParameterResourceMetadataCollectionFactory.php","line":61,"args":[["string","App\\Entity\\User"]]},{"namespace":"ApiPlatform\\Metadata\\Resource\\Factory","short_class":"ParameterResourceMetadataCollectionFactory","class":"ApiPlatform\\Metadata\\Resource\\Factory\\ParameterResourceMetadataCollectionFactory","type":"-\u003E","function":"create","file":"\/app\/vendor\/api-platform\/validator\/Metadata\/Resource\/Factory\/ParameterValidationResourceMetadataCollectionFactory.php","line":38,"args":[["string","App\\Entity\\User"]]},{"namespace":"ApiPlatform\\Validator\\Metadata\\Resource\\Factory","short_class":"ParameterValidationResourceMetadataCollectionFactory","class":"ApiPlatform\\Validator\\Metadata\\Resource\\Factory\\ParameterValidationResourceMetadataCollectionFactory","type":"-\u003E","function":"create","file":"\/app\/vendor\/api-platform\/metadata\/Resource\/Factory\/ExtractorResourceMetadataCollectionFactory.php","line":49,"args":[["string","App\\Entity\\User"]]},{"namespace":"ApiPlatform\\Metadata\\Resource\\Factory","short_class":"ExtractorResourceMetadataCollectionFactory","class":"ApiPlatform\\Metadata\\Resource\\Factory\\ExtractorResourceMetadataCollectionFactory","type":"-\u003E","function":"create","file":"\/app\/vendor\/api-platform\/metadata\/Resource\/Factory\/PhpFileResourceMetadataCollectionFactory.php","line":46,"args":[["string","App\\Entity\\User"]]},{"namespace":"ApiPlatform\\Metadata\\Resource\\Factory","short_class":"PhpFileResourceMetadataCollectionFactory","class":"ApiPlatform\\Metadata\\Resource\\Factory\\PhpFileResourceMetadataCollectionFactory","type":"-\u003E","function":"create","file":"\/app\/vendor\/api-platform\/metadata\/Resource\/Factory\/MutatorResourceMetadataCollectionFactory.php","line":36,"args":[["string","App\\Entity\\User"]]},{"namespace":"ApiPlatform\\Metadata\\Resource\\Factory","short_class":"MutatorResourceMetadataCollectionFactory","class":"ApiPlatform\\Metadata\\Resource\\Factory\\MutatorResourceMetadataCollectionFactory","type":"-\u003E","function":"create","file":"\/app\/vendor\/api-platform\/metadata\/Resource\/Factory\/ConcernsResourceMetadataCollectionFactory.php","line":33,"args":[["string","App\\Entity\\User"]]},{"namespace":"ApiPlatform\\Metadata\\Resource\\Factory","short_class":"ConcernsResourceMetadataCollectionFactory","class":"ApiPlatform\\Metadata\\Resource\\Factory\\ConcernsResourceMetadataCollectionFactory","type":"-\u003E","function":"create","file":"\/app\/vendor\/api-platform\/metadata\/Resource\/Factory\/ExtractorResourceMetadataCollectionFactory.php","line":49,"args":[["string","App\\Entity\\User"]]},{"namespace":"ApiPlatform\\Metadata\\Resource\\Factory","short_class":"ExtractorResourceMetadataCollectionFactory","class":"ApiPlatform\\Metadata\\Resource\\Factory\\ExtractorResourceMetadataCollectionFactory","type":"-\u003E","function":"create","file":"\/app\/vendor\/api-platform\/metadata\/Resource\/Factory\/NotExposedOperationResourceMetadataCollectionFactory.php","line":50,"args":[["string","App\\Entity\\User"]]},{"namespace":"ApiPlatform\\Metadata\\Resource\\Factory","short_class":"NotExposedOperationResourceMetadataCollectionFactory","class":"ApiPlatform\\Metadata\\Resource\\Factory\\NotExposedOperationResourceMetadataCollectionFactory","type":"-\u003E","function":"create","file":"\/app\/vendor\/api-platform\/metadata\/Resource\/Factory\/BackedEnumResourceMetadataCollectionFactory.php","line":34,"args":[["string","App\\Entity\\User"]]},{"namespace":"ApiPlatform\\Metadata\\Resource\\Factory","short_class":"BackedEnumResourceMetadataCollectionFactory","class":"ApiPlatform\\Metadata\\Resource\\Factory\\BackedEnumResourceMetadataCollectionFactory","type":"-\u003E","function":"create","file":"\/app\/vendor\/api-platform\/metadata\/Resource\/Factory\/UriTemplateResourceMetadataCollectionFactory.php","line":43,"args":[["string","App\\Entity\\User"]]},{"namespace":"ApiPlatform\\Metadata\\Resource\\Factory","short_class":"UriTemplateResourceMetadataCollectionFactory","class":"ApiPlatform\\Metadata\\Resource\\Factory\\UriTemplateResourceMetadataCollectionFactory","type":"-\u003E","function":"create","file":"\/app\/vendor\/api-platform\/metadata\/Resource\/Factory\/MainControllerResourceMetadataCollectionFactory.php","line":38,"args":[["string","App\\Entity\\User"]]},{"namespace":"ApiPlatform\\Metadata\\Resource\\Factory","short_class":"MainControllerResourceMetadataCollectionFactory","class":"ApiPlatform\\Metadata\\Resource\\Factory\\MainControllerResourceMetadataCollectionFactory","type":"-\u003E","function":"create","file":"\/app\/vendor\/api-platform\/metadata\/Resource\/Factory\/LinkResourceMetadataCollectionFactory.php","line":37,"args":[["string","App\\Entity\\User"]]},{"namespace":"ApiPlatform\\Metadata\\Resource\\Factory","short_class":"LinkResourceMetadataCollectionFactory","class":"ApiPlatform\\Metadata\\Resource\\Factory\\LinkResourceMetadataCollectionFactory","type":"-\u003E","function":"create","file":"\/app\/vendor\/api-platform\/metadata\/Resource\/Factory\/OperationNameResourceMetadataCollectionFactory.php","line":39,"args":[["string","App\\Entity\\User"]]},{"namespace":"ApiPlatform\\Metadata\\Resource\\Factory","short_class":"OperationNameResourceMetadataCollectionFactory","class":"ApiPlatform\\Metadata\\Resource\\Factory\\OperationNameResourceMetadataCollectionFactory","type":"-\u003E","function":"create","file":"\/app\/vendor\/api-platform\/metadata\/Resource\/Factory\/InputOutputResourceMetadataCollectionFactory.php","line":37,"args":[["string","App\\Entity\\User"]]},{"namespace":"ApiPlatform\\Metadata\\Resource\\Factory","short_class":"InputOutputResourceMetadataCollectionFactory","class":"ApiPlatform\\Metadata\\Resource\\Factory\\InputOutputResourceMetadataCollectionFactory","type":"-\u003E","function":"create","file":"\/app\/vendor\/api-platform\/metadata\/Resource\/Factory\/FormatsResourceMetadataCollectionFactory.php","line":54,"args":[["string","App\\Entity\\User"]]},{"namespace":"ApiPlatform\\Metadata\\Resource\\Factory","short_class":"FormatsResourceMetadataCollectionFactory","class":"ApiPlatform\\Metadata\\Resource\\Factory\\FormatsResourceMetadataCollectionFactory","type":"-\u003E","function":"create","file":"\/app\/vendor\/api-platform\/metadata\/Resource\/Factory\/FiltersResourceMetadataCollectionFactory.php","line":41,"args":[["string","App\\Entity\\User"]]},{"namespace":"ApiPlatform\\Metadata\\Resource\\Factory","short_class":"FiltersResourceMetadataCollectionFactory","class":"ApiPlatform\\Metadata\\Resource\\Factory\\FiltersResourceMetadataCollectionFactory","type":"-\u003E","function":"create","file":"\/app\/vendor\/api-platform\/metadata\/Resource\/Factory\/AlternateUriResourceMetadataCollectionFactory.php","line":34,"args":[["string","App\\Entity\\User"]]},{"namespace":"ApiPlatform\\Metadata\\Resource\\Factory","short_class":"AlternateUriResourceMetadataCollectionFactory","class":"ApiPlatform\\Metadata\\Resource\\Factory\\AlternateUriResourceMetadataCollectionFactory","type":"-\u003E","function":"create","file":"\/app\/vendor\/api-platform\/metadata\/Resource\/Factory\/PhpDocResourceMetadataCollectionFactory.php","line":61,"args":[["string","App\\Entity\\User"]]},{"namespace":"ApiPlatform\\Metadata\\Resource\\Factory","short_class":"PhpDocResourceMetadataCollectionFactory","class":"ApiPlatform\\Metadata\\Resource\\Factory\\PhpDocResourceMetadataCollectionFactory","type":"-\u003E","function":"create","file":"\/app\/vendor\/api-platform\/doctrine-orm\/Metadata\/Resource\/DoctrineOrmResourceCollectionMetadataFactory.php","line":41,"args":[["string","App\\Entity\\User"]]},{"namespace":"ApiPlatform\\Doctrine\\Orm\\Metadata\\Resource","short_class":"DoctrineOrmResourceCollectionMetadataFactory","class":"ApiPlatform\\Doctrine\\Orm\\Metadata\\Resource\\DoctrineOrmResourceCollectionMetadataFactory","type":"-\u003E","function":"create","file":"\/app\/vendor\/api-platform\/metadata\/Resource\/Factory\/CachedResourceMetadataCollectionFactory.php","line":59,"args":[["string","App\\Entity\\User"]]},{"namespace":"ApiPlatform\\Metadata\\Resource\\Factory","short_class":"CachedResourceMetadataCollectionFactory","class":"ApiPlatform\\Metadata\\Resource\\Factory\\CachedResourceMetadataCollectionFactory","type":"-\u003E","function":"create","file":"\/app\/vendor\/api-platform\/symfony\/Routing\/ApiLoader.php","line":58,"args":[["string","App\\Entity\\User"]]},{"namespace":"ApiPlatform\\Symfony\\Routing","short_class":"ApiLoader","class":"ApiPlatform\\Symfony\\Routing\\ApiLoader","type":"-\u003E","function":"load","file":"\/app\/vendor\/symfony\/config\/Loader\/FileLoader.php","line":141,"args":[["string","."],["string","api_platform"]]},{"namespace":"Symfony\\Component\\Config\\Loader","short_class":"FileLoader","class":"Symfony\\Component\\Config\\Loader\\FileLoader","type":"-\u003E","function":"doImport","file":"\/app\/vendor\/symfony\/config\/Loader\/FileLoader.php","line":93,"args":[["string","."],["string","api_platform"],["boolean",false],["string","\/app\/config\/routes\/api_platform.yaml"]]},{"namespace":"Symfony\\Component\\Config\\Loader","short_class":"FileLoader","class":"Symfony\\Component\\Config\\Loader\\FileLoader","type":"-\u003E","function":"import","file":"\/app\/vendor\/symfony\/routing\/Loader\/YamlFileLoader.php","line":184,"args":[["string","."],["string","api_platform"],["boolean",false],["string","\/app\/config\/routes\/api_platform.yaml"],["null",null]]},{"namespace":"Symfony\\Component\\Routing\\Loader","short_class":"YamlFileLoader","class":"Symfony\\Component\\Routing\\Loader\\YamlFileLoader","type":"-\u003E","function":"parseImport","file":"\/app\/vendor\/symfony\/routing\/Loader\/YamlFileLoader.php","line":265,"args":[["object","Symfony\\Component\\Routing\\RouteCollection"],["array",{"resource":["string","."],"type":["string","api_platform"]}],["string","\/app\/config\/routes\/api_platform.yaml"],["string","\/app\/config\/routes\/api_platform.yaml"]]},{"namespace":"Symfony\\Component\\Routing\\Loader","short_class":"YamlFileLoader","class":"Symfony\\Component\\Routing\\Loader\\YamlFileLoader","type":"-\u003E","function":"loadContent","file":"\/app\/vendor\/symfony\/routing\/Loader\/YamlFileLoader.php","line":77,"args":[["object","Symfony\\Component\\Routing\\RouteCollection"],["array",{"resource":["string","."],"type":["string","api_platform"]}],["string","\/app\/config\/routes\/api_platform.yaml"],["string","\/app\/config\/routes\/api_platform.yaml"]]},{"namespace":"Symfony\\Component\\Routing\\Loader","short_class":"YamlFileLoader","class":"Symfony\\Component\\Routing\\Loader\\YamlFileLoader","type":"-\u003E","function":"load","file":"\/app\/vendor\/symfony\/config\/Loader\/FileLoader.php","line":162,"args":[["string","\/app\/config\/routes\/api_platform.yaml"],["null",null]]},{"namespace":"Symfony\\Component\\Config\\Loader","short_class":"FileLoader","class":"Symfony\\Component\\Config\\Loader\\FileLoader","type":"-\u003E","function":"doImport","file":"\/app\/vendor\/symfony\/config\/Loader\/FileLoader.php","line":82,"args":[["string","\/app\/config\/routes\/api_platform.yaml"],["null",null],["boolean",false],["string","\/app\/src\/Kernel.php"]]},{"namespace":"Symfony\\Component\\Config\\Loader","short_class":"FileLoader","class":"Symfony\\Component\\Config\\Loader\\FileLoader","type":"-\u003E","function":"import","file":"\/app\/vendor\/symfony\/routing\/Loader\/Configurator\/RoutingConfigurator.php","line":41,"args":[["string","\/app\/{config}\/{routes}\/*.{php,yaml}"],["null",null],["boolean",false],["string","\/app\/src\/Kernel.php"],["null",null]]},{"namespace":"Symfony\\Component\\Routing\\Loader\\Configurator","short_class":"RoutingConfigurator","class":"Symfony\\Component\\Routing\\Loader\\Configurator\\RoutingConfigurator","type":"-\u003E","function":"import","file":"\/app\/vendor\/symfony\/framework-bundle\/Kernel\/MicroKernelTrait.php","line":80,"args":[["string","\/app\/{config}\/{routes}\/*.{php,yaml}"]]},{"namespace":"App","short_class":"Kernel","class":"App\\Kernel","type":"-\u003E","function":"configureRoutes","file":"\/app\/vendor\/symfony\/framework-bundle\/Kernel\/MicroKernelTrait.php","line":231,"args":[["object","Symfony\\Component\\Routing\\Loader\\Configurator\\RoutingConfigurator"]]},{"namespace":"App","short_class":"Kernel","class":"App\\Kernel","type":"-\u003E","function":"loadRoutes","file":"\/app\/vendor\/symfony\/routing\/Loader\/ObjectLoader.php","line":51,"args":[["object","Symfony\\Component\\Routing\\Loader\\ContainerLoader"],["string","test"]]},{"namespace":"Symfony\\Component\\Routing\\Loader","short_class":"ObjectLoader","class":"Symfony\\Component\\Routing\\Loader\\ObjectLoader","type":"-\u003E","function":"load","file":"\/app\/vendor\/symfony\/config\/Loader\/DelegatingLoader.php","line":37,"args":[["string","kernel::loadRoutes"],["string","service"]]},{"namespace":"Symfony\\Component\\Config\\Loader","short_class":"DelegatingLoader","class":"Symfony\\Component\\Config\\Loader\\DelegatingLoader","type":"-\u003E","function":"load","file":"\/app\/vendor\/symfony\/framework-bundle\/Routing\/DelegatingLoader.php","line":65,"args":[["string","kernel::loadRoutes"],["string","service"]]},{"namespace":"Symfony\\Bundle\\FrameworkBundle\\Routing","short_class":"DelegatingLoader","class":"Symfony\\Bundle\\FrameworkBundle\\Routing\\DelegatingLoader","type":"-\u003E","function":"load","file":"\/app\/vendor\/symfony\/framework-bundle\/Routing\/Router.php","line":75,"args":[["string","kernel::loadRoutes"],["string","service"]]},{"namespace":"Symfony\\Bundle\\FrameworkBundle\\Routing","short_class":"Router","class":"Symfony\\Bundle\\FrameworkBundle\\Routing\\Router","type":"-\u003E","function":"getRouteCollection","file":"\/app\/vendor\/symfony\/routing\/Router.php","line":282,"args":[]},{"namespace":"Symfony\\Component\\Routing","short_class":"Router","class":"Symfony\\Component\\Routing\\Router","type":"-\u003E","function":"getMatcherDumperInstance","file":"\/app\/vendor\/symfony\/routing\/Router.php","line":218,"args":[]},{"namespace":"Symfony\\Component\\Routing","short_class":"Router","class":"Symfony\\Component\\Routing\\Router","type":"-\u003E","function":"{closure:Symfony\\Component\\Routing\\Router::getMatcher():217}","file":"\/app\/vendor\/symfony\/config\/ResourceCheckerConfigCacheFactory.php","line":34,"args":[["object","Symfony\\Component\\Config\\ResourceCheckerConfigCache"]]},{"namespace":"Symfony\\Component\\Config","short_class":"ResourceCheckerConfigCacheFactory","class":"Symfony\\Component\\Config\\ResourceCheckerConfigCacheFactory","type":"-\u003E","function":"cache","file":"\/app\/vendor\/symfony\/routing\/Router.php","line":216,"args":[["string","\/app\/var\/cache\/test\/url_matching_routes.php"],["object","Closure"]]},{"namespace":"Symfony\\Component\\Routing","short_class":"Router","class":"Symfony\\Component\\Routing\\Router","type":"-\u003E","function":"getMatcher","file":"\/app\/vendor\/symfony\/routing\/Router.php","line":182,"args":[]},{"namespace":"Symfony\\Component\\Routing","short_class":"Router","class":"Symfony\\Component\\Routing\\Router","type":"-\u003E","function":"matchRequest","file":"\/app\/vendor\/symfony\/http-kernel\/EventListener\/RouterListener.php","line":101,"args":[["object","Symfony\\Component\\HttpFoundation\\Request"]]},{"namespace":"Symfony\\Component\\HttpKernel\\EventListener","short_class":"RouterListener","class":"Symfony\\Component\\HttpKernel\\EventListener\\RouterListener","type":"-\u003E","function":"onKernelRequest","file":"\/app\/vendor\/symfony\/event-dispatcher\/Debug\/WrappedListener.php","line":115,"args":[["object","Symfony\\Component\\HttpKernel\\Event\\RequestEvent"],["string","kernel.request"],["object","Symfony\\Component\\HttpKernel\\Debug\\TraceableEventDispatcher"]]},{"namespace":"Symfony\\Component\\EventDispatcher\\Debug","short_class":"WrappedListener","class":"Symfony\\Component\\EventDispatcher\\Debug\\WrappedListener","type":"-\u003E","function":"__invoke","file":"\/app\/vendor\/symfony\/event-dispatcher\/EventDispatcher.php","line":206,"args":[["object","Symfony\\Component\\HttpKernel\\Event\\RequestEvent"],["string","kernel.request"],["object","Symfony\\Component\\HttpKernel\\Debug\\TraceableEventDispatcher"]]},{"namespace":"Symfony\\Component\\EventDispatcher","short_class":"EventDispatcher","class":"Symfony\\Component\\EventDispatcher\\EventDispatcher","type":"-\u003E","function":"callListeners","file":"\/app\/vendor\/symfony\/event-dispatcher\/EventDispatcher.php","line":56,"args":[["array",[["object","Symfony\\Component\\EventDispatcher\\Debug\\WrappedListener"],["object","Symfony\\Component\\EventDispatcher\\Debug\\WrappedListener"],["object","Symfony\\Component\\EventDispatcher\\Debug\\WrappedListener"],["object","Symfony\\Component\\EventDispatcher\\Debug\\WrappedListener"],["object","Symfony\\Component\\EventDispatcher\\Debug\\WrappedListener"],["object","Symfony\\Component\\EventDispatcher\\Debug\\WrappedListener"],["object","Symfony\\Component\\EventDispatcher\\Debug\\WrappedListener"],["object","Symfony\\Component\\EventDispatcher\\Debug\\WrappedListener"],["object","Symfony\\Component\\EventDispatcher\\Debug\\WrappedListener"],["object","Symfony\\Component\\EventDispatcher\\Debug\\WrappedListener"]]],["string","kernel.request"],["object","Symfony\\Component\\HttpKernel\\Event\\RequestEvent"]]},{"namespace":"Symfony\\Component\\EventDispatcher","short_class":"EventDispatcher","class":"Symfony\\Component\\EventDispatcher\\EventDispatcher","type":"-\u003E","function":"dispatch","file":"\/app\/vendor\/symfony\/event-dispatcher\/Debug\/TraceableEventDispatcher.php","line":126,"args":[["object","Symfony\\Component\\HttpKernel\\Event\\RequestEvent"],["string","kernel.request"]]},{"namespace":"Symfony\\Component\\EventDispatcher\\Debug","short_class":"TraceableEventDispatcher","class":"Symfony\\Component\\EventDispatcher\\Debug\\TraceableEventDispatcher","type":"-\u003E","function":"dispatch","file":"\/app\/vendor\/symfony\/http-kernel\/HttpKernel.php","line":159,"args":[["object","Symfony\\Component\\HttpKernel\\Event\\RequestEvent"],["string","kernel.request"]]},{"namespace":"Symfony\\Component\\HttpKernel","short_class":"HttpKernel","class":"Symfony\\Component\\HttpKernel\\HttpKernel","type":"-\u003E","function":"handleRaw","file":"\/app\/vendor\/symfony\/http-kernel\/HttpKernel.php","line":76,"args":[["object","Symfony\\Component\\HttpFoundation\\Request"],["integer",1]]},{"namespace":"Symfony\\Component\\HttpKernel","short_class":"HttpKernel","class":"Symfony\\Component\\HttpKernel\\HttpKernel","type":"-\u003E","function":"handle","file":"\/app\/vendor\/symfony\/http-kernel\/Kernel.php","line":193,"args":[["object","Symfony\\Component\\HttpFoundation\\Request"],["integer",1],["boolean",true]]},{"namespace":"Symfony\\Component\\HttpKernel","short_class":"Kernel","class":"Symfony\\Component\\HttpKernel\\Kernel","type":"-\u003E","function":"handle","file":"\/app\/vendor\/symfony\/http-kernel\/HttpKernelBrowser.php","line":62,"args":[["object","Symfony\\Component\\HttpFoundation\\Request"],["integer",1],["boolean",true]]},{"namespace":"Symfony\\Component\\HttpKernel","short_class":"HttpKernelBrowser","class":"Symfony\\Component\\HttpKernel\\HttpKernelBrowser","type":"-\u003E","function":"doRequest","file":"\/app\/vendor\/symfony\/framework-bundle\/KernelBrowser.php","line":180,"args":[["object","Symfony\\Component\\HttpFoundation\\Request"]]},{"namespace":"Symfony\\Bundle\\FrameworkBundle","short_class":"KernelBrowser","class":"Symfony\\Bundle\\FrameworkBundle\\KernelBrowser","type":"-\u003E","function":"doRequest","file":"\/app\/vendor\/symfony\/browser-kit\/AbstractBrowser.php","line":398,"args":[["object","Symfony\\Component\\HttpFoundation\\Request"]]},{"namespace":"Symfony\\Component\\BrowserKit","short_class":"AbstractBrowser","class":"Symfony\\Component\\BrowserKit\\AbstractBrowser","type":"-\u003E","function":"request","file":"\/app\/vendor\/api-platform\/symfony\/Bundle\/Test\/Client.php","line":115,"args":[["string","POST"],["string","http:\/\/localhost\/users"],["array",[]],["array",[]],["array",{"HTTP_USER_AGENT":["string","Symfony BrowserKit"],"HTTP_ACCEPT":["string","application\/ld+json"],"CONTENT_TYPE":["string","application\/ld+json"],"HTTP_CONTENT_LENGTH":["string","128"],"HTTP_HOST":["string","localhost"],"HTTPS":["boolean",false]}],["string","{\u0022email\u0022:\u0022test69b4fe7caa31e@example.com\u0022,\u0022firstName\u0022:\u0022Test\u0022,\u0022lastName\u0022:\u0022User\u0022,\u0022plainPassword\u0022:\u0022password123\u0022,\u0022userType\u0022:\u0022client\u0022}"]]},{"namespace":"ApiPlatform\\Symfony\\Bundle\\Test","short_class":"Client","class":"ApiPlatform\\Symfony\\Bundle\\Test\\Client","type":"-\u003E","function":"request","file":"\/app\/tests\/Api\/AuthTest.php","line":14,"args":[["string","POST"],["array",{"scheme":["string","http:"],"authority":["string","\/\/localhost"],"path":["string","\/users"],"query":["null",null],"fragment":["null",null]}],["array",{"headers":["array",[["string","Accept: application\/ld+json"],["string","Content-Type: application\/ld+json"],["string","Content-Length: 128"]]],"normalized_headers":["array",{"accept":["array",[["string","Accept: application\/ld+json"]]],"content-type":["array",[["string","Content-Type: application\/ld+json"]]],"content-length":["array",[["string","Content-Length: 128"]]]}],"query":["array",[]],"body":["string","{\u0022email\u0022:\u0022test69b4fe7caa31e@example.com\u0022,\u0022firstName\u0022:\u0022Test\u0022,\u0022lastName\u0022:\u0022User\u0022,\u0022plainPassword\u0022:\u0022password123\u0022,\u0022userType\u0022:\u0022client\u0022}"],"extra":["array",[]],"http_version":["null",null],"timeout":["float",60],"max_duration":["float",0]}]]},{"namespace":"App\\Tests\\Api","short_class":"AuthTest","class":"App\\Tests\\Api\\AuthTest","type":"-\u003E","function":"testRegister","file":"\/app\/vendor\/bin\/.phpunit\/phpunit-9.6-0\/src\/Framework\/TestCase.php","line":1617,"args":[]},{"namespace":"PHPUnit\\Framework","short_class":"TestCase","class":"PHPUnit\\Framework\\TestCase","type":"-\u003E","function":"runTest","file":"\/app\/vendor\/bin\/.phpunit\/phpunit-9.6-0\/src\/Framework\/TestCase.php","line":1223,"args":[]},{"namespace":"PHPUnit\\Framework","short_class":"TestCase","class":"PHPUnit\\Framework\\TestCase","type":"-\u003E","function":"runBare","file":"\/app\/vendor\/bin\/.phpunit\/phpunit-9.6-0\/src\/Framework\/TestResult.php","line":729,"args":[]},{"namespace":"PHPUnit\\Framework","short_class":"TestResult","class":"PHPUnit\\Framework\\TestResult","type":"-\u003E","function":"run","file":"\/app\/vendor\/bin\/.phpunit\/phpunit-9.6-0\/src\/Framework\/TestCase.php","line":973,"args":[["object","App\\Tests\\Api\\AuthTest"]]},{"namespace":"PHPUnit\\Framework","short_class":"TestCase","class":"PHPUnit\\Framework\\TestCase","type":"-\u003E","function":"run","file":"\/app\/vendor\/bin\/.phpunit\/phpunit-9.6-0\/src\/Framework\/TestSuite.php","line":685,"args":[["object","PHPUnit\\Framework\\TestResult"]]},{"namespace":"PHPUnit\\Framework","short_class":"TestSuite","class":"PHPUnit\\Framework\\TestSuite","type":"-\u003E","function":"run","file":"\/app\/vendor\/bin\/.phpunit\/phpunit-9.6-0\/src\/Framework\/TestSuite.php","line":685,"args":[["object","PHPUnit\\Framework\\TestResult"]]},{"namespace":"PHPUnit\\Framework","short_class":"TestSuite","class":"PHPUnit\\Framework\\TestSuite","type":"-\u003E","function":"run","file":"\/app\/vendor\/bin\/.phpunit\/phpunit-9.6-0\/src\/Framework\/TestSuite.php","line":685,"args":[["object","PHPUnit\\Framework\\TestResult"]]},{"namespace":"PHPUnit\\Framework","short_class":"TestSuite","class":"PHPUnit\\Framework\\TestSuite","type":"-\u003E","function":"run","file":"\/app\/vendor\/bin\/.phpunit\/phpunit-9.6-0\/src\/TextUI\/TestRunner.php","line":651,"args":[["object","PHPUnit\\Framework\\TestResult"]]},{"namespace":"PHPUnit\\TextUI","short_class":"TestRunner","class":"PHPUnit\\TextUI\\TestRunner","type":"-\u003E","function":"run","file":"\/app\/vendor\/bin\/.phpunit\/phpunit-9.6-0\/src\/TextUI\/Command.php","line":146,"args":[["object","PHPUnit\\Framework\\TestSuite"],["array",{"extensions":["array",[]],"listGroups":["boolean",false],"listSuites":["boolean",false],"listTests":["boolean",false],"listTestsXml":["boolean",false],"loader":["null",null],"useDefaultConfiguration":["boolean",true],"loadedExtensions":["array",[]],"unavailableExtensions":["array",[]],"notLoadedExtensions":["array",[]],"colors":["string","always"],"filter":["string","AuthTest"],"testSuffixes":["array",[["string","Test.php"],["string",".phpt"]]],"configuration":["string","\/app\/phpunit.xml.dist"],"configurationObject":["object","PHPUnit\\TextUI\\XmlConfiguration\\Configuration"],"stderr":["boolean",false],"columns":["integer",80],"listeners":["array",[["object","Symfony\\Bridge\\PhpUnit\\Legacy\\SymfonyTestsListenerForV7"]]],"warnings":["array",[]],"debug":["boolean",false],"backupGlobals":["boolean",false],"backupStaticAttributes":["boolean",false],"beStrictAboutChangesToGlobalState":["boolean",false],"cacheResult":["boolean",true],"convertDeprecationsToExceptions":["boolean",false],"convertErrorsToExceptions":["boolean",true],"convertNoticesToExceptions":["boolean",true],"convertWarningsToExceptions":["boolean",true],"processIsolation":["boolean",false],"stopOnDefect":["boolean",false],"stopOnError":["boolean",false],"stopOnFailure":["boolean",false],"stopOnWarning":["boolean",false],"stopOnIncomplete":["boolean",false],"stopOnRisky":["boolean",false],"stopOnSkipped":["boolean",false],"failOnEmptyTestSuite":["boolean",false],"failOnIncomplete":["boolean",false],"failOnRisky":["boolean",false],"failOnSkipped":["boolean",false],"failOnWarning":["boolean",false],"enforceTimeLimit":["boolean",false],"defaultTimeLimit":["integer",1],"timeoutForSmallTests":["integer",1],"timeoutForMediumTests":["integer",10],"timeoutForLargeTests":["integer",60],"reportUselessTests":["boolean",true],"strictCoverage":["boolean",false],"ignoreDeprecatedCodeUnitsFromCodeCoverage":["boolean",false],"disallowTestOutput":["boolean",false],"disallowTodoAnnotatedTests":["boolean",false],"beStrictAboutResourceUsageDuringSmallTests":["boolean",false],"verbose":["boolean",false],"reverseDefectList":["boolean",false],"forceCoversAnnotation":["boolean",false],"disableCodeCoverageIgnore":["boolean",false],"registerMockObjectsFromTestArgumentsRecursively":["boolean",false],"noInteraction":["boolean",false],"executionOrder":["integer",0],"resolveDependencies":["boolean",true],"bootstrap":["string","\/app\/tests\/bootstrap.php"],"executionOrderDefects":["integer",0],"crap4jThreshold":["integer",30],"excludeGroups":["array",[]],"groups":["array",[]],"randomOrderSeed":["integer",1773469308],"repeat":["boolean",false],"reportHighLowerBound":["integer",90],"reportLowUpperBound":["integer",50],"reverseList":["boolean",false],"testdoxExcludeGroups":["array",[]],"testdoxGroups":["array",[]],"cacheResultFile":["string","\/app"]}],["array",[]],["boolean",true]]},{"namespace":"PHPUnit\\TextUI","short_class":"Command","class":"PHPUnit\\TextUI\\Command","type":"-\u003E","function":"run","file":"\/app\/vendor\/bin\/.phpunit\/phpunit-9.6-0\/src\/TextUI\/Command.php","line":99,"args":[["array",[["string","bin\/phpunit"],["string","--colors=always"],["string","--filter"],["string","AuthTest"]]],["boolean",true]]},{"namespace":"PHPUnit\\TextUI","short_class":"Command","class":"PHPUnit\\TextUI\\Command","type":"::","function":"main","file":"\/app\/vendor\/bin\/.phpunit\/phpunit-9.6-0\/phpunit","line":22,"args":[]},{"namespace":"","short_class":"","class":"","type":"","function":"include","file":"\/app\/vendor\/symfony\/phpunit-bridge\/bin\/simple-phpunit.php","line":460,"args":[["string","\/app\/vendor\/bin\/.phpunit\/phpunit-9.6-0\/phpunit"]]},{"namespace":"","short_class":"","class":"","type":"","function":"require","file":"\/app\/bin\/phpunit","line":22,"args":[["string","\/app\/vendor\/symfony\/phpunit-bridge\/bin\/simple-phpunit.php"]]}]}

/app/vendor/symfony/framework-bundle/Test/BrowserKitAssertionsTrait.php:188
/app/vendor/symfony/framework-bundle/Test/BrowserKitAssertionsTrait.php:46
/app/tests/Api/AuthTest.php:25

Caused by
ErrorException: ApiPlatform\Metadata\Get::__construct(): Argument #24 ($openapi) must be of type ApiPlatform\OpenApi\Model\Operation|ApiPlatform\OpenApi\Attributes\Webhook|bool|null, array given, called in /app/src/Entity/User.php on line 22 in /app/src/Entity/User.php:28
Stack trace:
#0 /app/vendor/symfony/framework-bundle/Test/BrowserKitAssertionsTrait.php(46): ApiPlatform\Symfony\Bundle\Test\ApiTestCase::assertThatForResponse(Object(Symfony\Component\HttpFoundation\Test\Constraint\ResponseStatusCodeSame), '')
#1 /app/tests/Api/AuthTest.php(25): ApiPlatform\Symfony\Bundle\Test\ApiTestCase::assertResponseStatusCodeSame(201)
#2 /app/vendor/bin/.phpunit/phpunit-9.6-0/src/Framework/TestCase.php(1617): App\Tests\Api\AuthTest->testRegister()
#3 /app/vendor/bin/.phpunit/phpunit-9.6-0/src/Framework/TestCase.php(1223): PHPUnit\Framework\TestCase->runTest()
#4 /app/vendor/bin/.phpunit/phpunit-9.6-0/src/Framework/TestResult.php(729): PHPUnit\Framework\TestCase->runBare()
#5 /app/vendor/bin/.phpunit/phpunit-9.6-0/src/Framework/TestCase.php(973): PHPUnit\Framework\TestResult->run(Object(App\Tests\Api\AuthTest))
#6 /app/vendor/bin/.phpunit/phpunit-9.6-0/src/Framework/TestSuite.php(685): PHPUnit\Framework\TestCase->run(Object(PHPUnit\Framework\TestResult))
#7 /app/vendor/bin/.phpunit/phpunit-9.6-0/src/Framework/TestSuite.php(685): PHPUnit\Framework\TestSuite->run(Object(PHPUnit\Framework\TestResult))
#8 /app/vendor/bin/.phpunit/phpunit-9.6-0/src/Framework/TestSuite.php(685): PHPUnit\Framework\TestSuite->run(Object(PHPUnit\Framework\TestResult))
#9 /app/vendor/bin/.phpunit/phpunit-9.6-0/src/TextUI/TestRunner.php(651): PHPUnit\Framework\TestSuite->run(Object(PHPUnit\Framework\TestResult))
#10 /app/vendor/bin/.phpunit/phpunit-9.6-0/src/TextUI/Command.php(146): PHPUnit\TextUI\TestRunner->run(Object(PHPUnit\Framework\TestSuite), Array, Array, true)
#11 /app/vendor/bin/.phpunit/phpunit-9.6-0/src/TextUI/Command.php(99): PHPUnit\TextUI\Command->run(Array, true)
#12 /app/vendor/bin/.phpunit/phpunit-9.6-0/phpunit(22): PHPUnit\TextUI\Command::main()
#13 /app/vendor/symfony/phpunit-bridge/bin/simple-phpunit.php(460): include('/app/vendor/bin...')
#14 /app/bin/phpunit(22): require('/app/vendor/sym...')
#15 {main}

2) App\Tests\Api\AuthTest::testLogin
Failed asserting that the Response is successful.
HTTP/1.1 500 Internal Server Error
Cache-Control:          no-cache, private
Content-Type:           application/ld+json
Date:                   Sat, 14 Mar 2026 06:21:48 GMT
Vary:                   Accept
X-Debug-Exception:      ApiPlatform%5CMetadata%5CGet%3A%3A__construct%28%29%3A%20Argument%20%2324%20%28%24openapi%29%20must%20be%20of%20type%20ApiPlatform%5COpenApi%5CModel%5COperation%7CApiPlatform%5COpenApi%5CAttributes%5CWebhook%7Cbool%7Cnull%2C%20array%20given%2C%20called%20in%20%2Fapp%2Fsrc%2FEntity%2FUser.php%20on%20line%2022
X-Debug-Exception-File: %2Fapp%2Fsrc%2FEntity%2FUser.php:28
X-Robots-Tag:           noindex

{"type":"https:\/\/tools.ietf.org\/html\/rfc2616#section-10","title":"An error occurred","status":500,"detail":"ApiPlatform\\Metadata\\Get::__construct(): Argument #24 ($openapi) must be of type ApiPlatform\\OpenApi\\Model\\Operation|ApiPlatform\\OpenApi\\Attributes\\Webhook|bool|null, array given, called in \/app\/src\/Entity\/User.php on line 22","class":"TypeError","trace":[{"namespace":"","short_class":"","class":"","type":"","function":"","file":"\/app\/src\/Entity\/User.php","line":28,"args":[]},{"namespace":"","short_class":"","class":"","type":"","function":"[constant expression]","file":"\/app\/vendor\/api-platform\/metadata\/Get.php","line":23,"args":[]},{"namespace":"ApiPlatform\\Metadata","short_class":"Get","class":"ApiPlatform\\Metadata\\Get","type":"-\u003E","function":"__construct","file":"\/app\/src\/Entity\/User.php","line":22,"args":[["string","\/me"],["null",null],["null",null],["null",null],["null",null],["null",null],["null",null],["null",null],["null",null],["null",null],["null",null],["null",null],["null",null],["null",null],["null",null],["null",null],["null",null],["null",null],["string","App\\Controller\\MeController"],["null",null],["null",null],["null",null],["null",null],["array",{"summary":["string","Get current user profile"]}],["null",null],["null",null],["null",null],["null",null],["null",null],["null",null],["null",null],["null",null],["null",null],["null",null],["null",null],["null",null],["null",null],["null",null],["null",null],["null",null],["null",null],["null",null],["null",null],["null",null],["null",null],["null",null],["null",null],["null",null],["null",null],["null",null],["null",null],["null",null],["null",null],["null",null],["null",null],["null",null],["null",null],["null",null],["null",null],["boolean",false],["null",null],["null",null],["null",null],["null",null],["null",null],["null",null],["null",null],["string","me"]]},{"namespace":"","short_class":"ReflectionAttribute","class":"ReflectionAttribute","type":"-\u003E","function":"newInstance","file":"\/app\/vendor\/api-platform\/metadata\/Resource\/Factory\/AttributesResourceMetadataCollectionFactory.php","line":45,"args":[]},{"namespace":"ApiPlatform\\Metadata\\Resource\\Factory","short_class":"AttributesResourceMetadataCollectionFactory","class":"ApiPlatform\\Metadata\\Resource\\Factory\\AttributesResourceMetadataCollectionFactory","type":"-\u003E","function":"create","file":"\/app\/vendor\/api-platform\/metadata\/Resource\/Factory\/ParameterResourceMetadataCollectionFactory.php","line":61,"args":[["string","App\\Entity\\User"]]},{"namespace":"ApiPlatform\\Metadata\\Resource\\Factory","short_class":"ParameterResourceMetadataCollectionFactory","class":"ApiPlatform\\Metadata\\Resource\\Factory\\ParameterResourceMetadataCollectionFactory","type":"-\u003E","function":"create","file":"\/app\/vendor\/api-platform\/validator\/Metadata\/Resource\/Factory\/ParameterValidationResourceMetadataCollectionFactory.php","line":38,"args":[["string","App\\Entity\\User"]]},{"namespace":"ApiPlatform\\Validator\\Metadata\\Resource\\Factory","short_class":"ParameterValidationResourceMetadataCollectionFactory","class":"ApiPlatform\\Validator\\Metadata\\Resource\\Factory\\ParameterValidationResourceMetadataCollectionFactory","type":"-\u003E","function":"create","file":"\/app\/vendor\/api-platform\/metadata\/Resource\/Factory\/ExtractorResourceMetadataCollectionFactory.php","line":49,"args":[["string","App\\Entity\\User"]]},{"namespace":"ApiPlatform\\Metadata\\Resource\\Factory","short_class":"ExtractorResourceMetadataCollectionFactory","class":"ApiPlatform\\Metadata\\Resource\\Factory\\ExtractorResourceMetadataCollectionFactory","type":"-\u003E","function":"create","file":"\/app\/vendor\/api-platform\/metadata\/Resource\/Factory\/PhpFileResourceMetadataCollectionFactory.php","line":46,"args":[["string","App\\Entity\\User"]]},{"namespace":"ApiPlatform\\Metadata\\Resource\\Factory","short_class":"PhpFileResourceMetadataCollectionFactory","class":"ApiPlatform\\Metadata\\Resource\\Factory\\PhpFileResourceMetadataCollectionFactory","type":"-\u003E","function":"create","file":"\/app\/vendor\/api-platform\/metadata\/Resource\/Factory\/MutatorResourceMetadataCollectionFactory.php","line":36,"args":[["string","App\\Entity\\User"]]},{"namespace":"ApiPlatform\\Metadata\\Resource\\Factory","short_class":"MutatorResourceMetadataCollectionFactory","class":"ApiPlatform\\Metadata\\Resource\\Factory\\MutatorResourceMetadataCollectionFactory","type":"-\u003E","function":"create","file":"\/app\/vendor\/api-platform\/metadata\/Resource\/Factory\/ConcernsResourceMetadataCollectionFactory.php","line":33,"args":[["string","App\\Entity\\User"]]},{"namespace":"ApiPlatform\\Metadata\\Resource\\Factory","short_class":"ConcernsResourceMetadataCollectionFactory","class":"ApiPlatform\\Metadata\\Resource\\Factory\\ConcernsResourceMetadataCollectionFactory","type":"-\u003E","function":"create","file":"\/app\/vendor\/api-platform\/metadata\/Resource\/Factory\/ExtractorResourceMetadataCollectionFactory.php","line":49,"args":[["string","App\\Entity\\User"]]},{"namespace":"ApiPlatform\\Metadata\\Resource\\Factory","short_class":"ExtractorResourceMetadataCollectionFactory","class":"ApiPlatform\\Metadata\\Resource\\Factory\\ExtractorResourceMetadataCollectionFactory","type":"-\u003E","function":"create","file":"\/app\/vendor\/api-platform\/metadata\/Resource\/Factory\/NotExposedOperationResourceMetadataCollectionFactory.php","line":50,"args":[["string","App\\Entity\\User"]]},{"namespace":"ApiPlatform\\Metadata\\Resource\\Factory","short_class":"NotExposedOperationResourceMetadataCollectionFactory","class":"ApiPlatform\\Metadata\\Resource\\Factory\\NotExposedOperationResourceMetadataCollectionFactory","type":"-\u003E","function":"create","file":"\/app\/vendor\/api-platform\/metadata\/Resource\/Factory\/BackedEnumResourceMetadataCollectionFactory.php","line":34,"args":[["string","App\\Entity\\User"]]},{"namespace":"ApiPlatform\\Metadata\\Resource\\Factory","short_class":"BackedEnumResourceMetadataCollectionFactory","class":"ApiPlatform\\Metadata\\Resource\\Factory\\BackedEnumResourceMetadataCollectionFactory","type":"-\u003E","function":"create","file":"\/app\/vendor\/api-platform\/metadata\/Resource\/Factory\/UriTemplateResourceMetadataCollectionFactory.php","line":43,"args":[["string","App\\Entity\\User"]]},{"namespace":"ApiPlatform\\Metadata\\Resource\\Factory","short_class":"UriTemplateResourceMetadataCollectionFactory","class":"ApiPlatform\\Metadata\\Resource\\Factory\\UriTemplateResourceMetadataCollectionFactory","type":"-\u003E","function":"create","file":"\/app\/vendor\/api-platform\/metadata\/Resource\/Factory\/MainControllerResourceMetadataCollectionFactory.php","line":38,"args":[["string","App\\Entity\\User"]]},{"namespace":"ApiPlatform\\Metadata\\Resource\\Factory","short_class":"MainControllerResourceMetadataCollectionFactory","class":"ApiPlatform\\Metadata\\Resource\\Factory\\MainControllerResourceMetadataCollectionFactory","type":"-\u003E","function":"create","file":"\/app\/vendor\/api-platform\/metadata\/Resource\/Factory\/LinkResourceMetadataCollectionFactory.php","line":37,"args":[["string","App\\Entity\\User"]]},{"namespace":"ApiPlatform\\Metadata\\Resource\\Factory","short_class":"LinkResourceMetadataCollectionFactory","class":"ApiPlatform\\Metadata\\Resource\\Factory\\LinkResourceMetadataCollectionFactory","type":"-\u003E","function":"create","file":"\/app\/vendor\/api-platform\/metadata\/Resource\/Factory\/OperationNameResourceMetadataCollectionFactory.php","line":39,"args":[["string","App\\Entity\\User"]]},{"namespace":"ApiPlatform\\Metadata\\Resource\\Factory","short_class":"OperationNameResourceMetadataCollectionFactory","class":"ApiPlatform\\Metadata\\Resource\\Factory\\OperationNameResourceMetadataCollectionFactory","type":"-\u003E","function":"create","file":"\/app\/vendor\/api-platform\/metadata\/Resource\/Factory\/InputOutputResourceMetadataCollectionFactory.php","line":37,"args":[["string","App\\Entity\\User"]]},{"namespace":"ApiPlatform\\Metadata\\Resource\\Factory","short_class":"InputOutputResourceMetadataCollectionFactory","class":"ApiPlatform\\Metadata\\Resource\\Factory\\InputOutputResourceMetadataCollectionFactory","type":"-\u003E","function":"create","file":"\/app\/vendor\/api-platform\/metadata\/Resource\/Factory\/FormatsResourceMetadataCollectionFactory.php","line":54,"args":[["string","App\\Entity\\User"]]},{"namespace":"ApiPlatform\\Metadata\\Resource\\Factory","short_class":"FormatsResourceMetadataCollectionFactory","class":"ApiPlatform\\Metadata\\Resource\\Factory\\FormatsResourceMetadataCollectionFactory","type":"-\u003E","function":"create","file":"\/app\/vendor\/api-platform\/metadata\/Resource\/Factory\/FiltersResourceMetadataCollectionFactory.php","line":41,"args":[["string","App\\Entity\\User"]]},{"namespace":"ApiPlatform\\Metadata\\Resource\\Factory","short_class":"FiltersResourceMetadataCollectionFactory","class":"ApiPlatform\\Metadata\\Resource\\Factory\\FiltersResourceMetadataCollectionFactory","type":"-\u003E","function":"create","file":"\/app\/vendor\/api-platform\/metadata\/Resource\/Factory\/AlternateUriResourceMetadataCollectionFactory.php","line":34,"args":[["string","App\\Entity\\User"]]},{"namespace":"ApiPlatform\\Metadata\\Resource\\Factory","short_class":"AlternateUriResourceMetadataCollectionFactory","class":"ApiPlatform\\Metadata\\Resource\\Factory\\AlternateUriResourceMetadataCollectionFactory","type":"-\u003E","function":"create","file":"\/app\/vendor\/api-platform\/metadata\/Resource\/Factory\/PhpDocResourceMetadataCollectionFactory.php","line":61,"args":[["string","App\\Entity\\User"]]},{"namespace":"ApiPlatform\\Metadata\\Resource\\Factory","short_class":"PhpDocResourceMetadataCollectionFactory","class":"ApiPlatform\\Metadata\\Resource\\Factory\\PhpDocResourceMetadataCollectionFactory","type":"-\u003E","function":"create","file":"\/app\/vendor\/api-platform\/doctrine-orm\/Metadata\/Resource\/DoctrineOrmResourceCollectionMetadataFactory.php","line":41,"args":[["string","App\\Entity\\User"]]},{"namespace":"ApiPlatform\\Doctrine\\Orm\\Metadata\\Resource","short_class":"DoctrineOrmResourceCollectionMetadataFactory","class":"ApiPlatform\\Doctrine\\Orm\\Metadata\\Resource\\DoctrineOrmResourceCollectionMetadataFactory","type":"-\u003E","function":"create","file":"\/app\/vendor\/api-platform\/metadata\/Resource\/Factory\/CachedResourceMetadataCollectionFactory.php","line":59,"args":[["string","App\\Entity\\User"]]},{"namespace":"ApiPlatform\\Metadata\\Resource\\Factory","short_class":"CachedResourceMetadataCollectionFactory","class":"ApiPlatform\\Metadata\\Resource\\Factory\\CachedResourceMetadataCollectionFactory","type":"-\u003E","function":"create","file":"\/app\/vendor\/api-platform\/symfony\/Routing\/ApiLoader.php","line":58,"args":[["string","App\\Entity\\User"]]},{"namespace":"ApiPlatform\\Symfony\\Routing","short_class":"ApiLoader","class":"ApiPlatform\\Symfony\\Routing\\ApiLoader","type":"-\u003E","function":"load","file":"\/app\/vendor\/symfony\/config\/Loader\/FileLoader.php","line":141,"args":[["string","."],["string","api_platform"]]},{"namespace":"Symfony\\Component\\Config\\Loader","short_class":"FileLoader","class":"Symfony\\Component\\Config\\Loader\\FileLoader","type":"-\u003E","function":"doImport","file":"\/app\/vendor\/symfony\/config\/Loader\/FileLoader.php","line":93,"args":[["string","."],["string","api_platform"],["boolean",false],["string","\/app\/config\/routes\/api_platform.yaml"]]},{"namespace":"Symfony\\Component\\Config\\Loader","short_class":"FileLoader","class":"Symfony\\Component\\Config\\Loader\\FileLoader","type":"-\u003E","function":"import","file":"\/app\/vendor\/symfony\/routing\/Loader\/YamlFileLoader.php","line":184,"args":[["string","."],["string","api_platform"],["boolean",false],["string","\/app\/config\/routes\/api_platform.yaml"],["null",null]]},{"namespace":"Symfony\\Component\\Routing\\Loader","short_class":"YamlFileLoader","class":"Symfony\\Component\\Routing\\Loader\\YamlFileLoader","type":"-\u003E","function":"parseImport","file":"\/app\/vendor\/symfony\/routing\/Loader\/YamlFileLoader.php","line":265,"args":[["object","Symfony\\Component\\Routing\\RouteCollection"],["array",{"resource":["string","."],"type":["string","api_platform"]}],["string","\/app\/config\/routes\/api_platform.yaml"],["string","\/app\/config\/routes\/api_platform.yaml"]]},{"namespace":"Symfony\\Component\\Routing\\Loader","short_class":"YamlFileLoader","class":"Symfony\\Component\\Routing\\Loader\\YamlFileLoader","type":"-\u003E","function":"loadContent","file":"\/app\/vendor\/symfony\/routing\/Loader\/YamlFileLoader.php","line":77,"args":[["object","Symfony\\Component\\Routing\\RouteCollection"],["array",{"resource":["string","."],"type":["string","api_platform"]}],["string","\/app\/config\/routes\/api_platform.yaml"],["string","\/app\/config\/routes\/api_platform.yaml"]]},{"namespace":"Symfony\\Component\\Routing\\Loader","short_class":"YamlFileLoader","class":"Symfony\\Component\\Routing\\Loader\\YamlFileLoader","type":"-\u003E","function":"load","file":"\/app\/vendor\/symfony\/config\/Loader\/FileLoader.php","line":162,"args":[["string","\/app\/config\/routes\/api_platform.yaml"],["null",null]]},{"namespace":"Symfony\\Component\\Config\\Loader","short_class":"FileLoader","class":"Symfony\\Component\\Config\\Loader\\FileLoader","type":"-\u003E","function":"doImport","file":"\/app\/vendor\/symfony\/config\/Loader\/FileLoader.php","line":82,"args":[["string","\/app\/config\/routes\/api_platform.yaml"],["null",null],["boolean",false],["string","\/app\/src\/Kernel.php"]]},{"namespace":"Symfony\\Component\\Config\\Loader","short_class":"FileLoader","class":"Symfony\\Component\\Config\\Loader\\FileLoader","type":"-\u003E","function":"import","file":"\/app\/vendor\/symfony\/routing\/Loader\/Configurator\/RoutingConfigurator.php","line":41,"args":[["string","\/app\/{config}\/{routes}\/*.{php,yaml}"],["null",null],["boolean",false],["string","\/app\/src\/Kernel.php"],["null",null]]},{"namespace":"Symfony\\Component\\Routing\\Loader\\Configurator","short_class":"RoutingConfigurator","class":"Symfony\\Component\\Routing\\Loader\\Configurator\\RoutingConfigurator","type":"-\u003E","function":"import","file":"\/app\/vendor\/symfony\/framework-bundle\/Kernel\/MicroKernelTrait.php","line":80,"args":[["string","\/app\/{config}\/{routes}\/*.{php,yaml}"]]},{"namespace":"App","short_class":"Kernel","class":"App\\Kernel","type":"-\u003E","function":"configureRoutes","file":"\/app\/vendor\/symfony\/framework-bundle\/Kernel\/MicroKernelTrait.php","line":231,"args":[["object","Symfony\\Component\\Routing\\Loader\\Configurator\\RoutingConfigurator"]]},{"namespace":"App","short_class":"Kernel","class":"App\\Kernel","type":"-\u003E","function":"loadRoutes","file":"\/app\/vendor\/symfony\/routing\/Loader\/ObjectLoader.php","line":51,"args":[["object","Symfony\\Component\\Routing\\Loader\\ContainerLoader"],["string","test"]]},{"namespace":"Symfony\\Component\\Routing\\Loader","short_class":"ObjectLoader","class":"Symfony\\Component\\Routing\\Loader\\ObjectLoader","type":"-\u003E","function":"load","file":"\/app\/vendor\/symfony\/config\/Loader\/DelegatingLoader.php","line":37,"args":[["string","kernel::loadRoutes"],["string","service"]]},{"namespace":"Symfony\\Component\\Config\\Loader","short_class":"DelegatingLoader","class":"Symfony\\Component\\Config\\Loader\\DelegatingLoader","type":"-\u003E","function":"load","file":"\/app\/vendor\/symfony\/framework-bundle\/Routing\/DelegatingLoader.php","line":65,"args":[["string","kernel::loadRoutes"],["string","service"]]},{"namespace":"Symfony\\Bundle\\FrameworkBundle\\Routing","short_class":"DelegatingLoader","class":"Symfony\\Bundle\\FrameworkBundle\\Routing\\DelegatingLoader","type":"-\u003E","function":"load","file":"\/app\/vendor\/symfony\/framework-bundle\/Routing\/Router.php","line":75,"args":[["string","kernel::loadRoutes"],["string","service"]]},{"namespace":"Symfony\\Bundle\\FrameworkBundle\\Routing","short_class":"Router","class":"Symfony\\Bundle\\FrameworkBundle\\Routing\\Router","type":"-\u003E","function":"getRouteCollection","file":"\/app\/vendor\/symfony\/routing\/Router.php","line":282,"args":[]},{"namespace":"Symfony\\Component\\Routing","short_class":"Router","class":"Symfony\\Component\\Routing\\Router","type":"-\u003E","function":"getMatcherDumperInstance","file":"\/app\/vendor\/symfony\/routing\/Router.php","line":218,"args":[]},{"namespace":"Symfony\\Component\\Routing","short_class":"Router","class":"Symfony\\Component\\Routing\\Router","type":"-\u003E","function":"{closure:Symfony\\Component\\Routing\\Router::getMatcher():217}","file":"\/app\/vendor\/symfony\/config\/ResourceCheckerConfigCacheFactory.php","line":34,"args":[["object","Symfony\\Component\\Config\\ResourceCheckerConfigCache"]]},{"namespace":"Symfony\\Component\\Config","short_class":"ResourceCheckerConfigCacheFactory","class":"Symfony\\Component\\Config\\ResourceCheckerConfigCacheFactory","type":"-\u003E","function":"cache","file":"\/app\/vendor\/symfony\/routing\/Router.php","line":216,"args":[["string","\/app\/var\/cache\/test\/url_matching_routes.php"],["object","Closure"]]},{"namespace":"Symfony\\Component\\Routing","short_class":"Router","class":"Symfony\\Component\\Routing\\Router","type":"-\u003E","function":"getMatcher","file":"\/app\/vendor\/symfony\/routing\/Router.php","line":182,"args":[]},{"namespace":"Symfony\\Component\\Routing","short_class":"Router","class":"Symfony\\Component\\Routing\\Router","type":"-\u003E","function":"matchRequest","file":"\/app\/vendor\/symfony\/http-kernel\/EventListener\/RouterListener.php","line":101,"args":[["object","Symfony\\Component\\HttpFoundation\\Request"]]},{"namespace":"Symfony\\Component\\HttpKernel\\EventListener","short_class":"RouterListener","class":"Symfony\\Component\\HttpKernel\\EventListener\\RouterListener","type":"-\u003E","function":"onKernelRequest","file":"\/app\/vendor\/symfony\/event-dispatcher\/Debug\/WrappedListener.php","line":115,"args":[["object","Symfony\\Component\\HttpKernel\\Event\\RequestEvent"],["string","kernel.request"],["object","Symfony\\Component\\HttpKernel\\Debug\\TraceableEventDispatcher"]]},{"namespace":"Symfony\\Component\\EventDispatcher\\Debug","short_class":"WrappedListener","class":"Symfony\\Component\\EventDispatcher\\Debug\\WrappedListener","type":"-\u003E","function":"__invoke","file":"\/app\/vendor\/symfony\/event-dispatcher\/EventDispatcher.php","line":206,"args":[["object","Symfony\\Component\\HttpKernel\\Event\\RequestEvent"],["string","kernel.request"],["object","Symfony\\Component\\HttpKernel\\Debug\\TraceableEventDispatcher"]]},{"namespace":"Symfony\\Component\\EventDispatcher","short_class":"EventDispatcher","class":"Symfony\\Component\\EventDispatcher\\EventDispatcher","type":"-\u003E","function":"callListeners","file":"\/app\/vendor\/symfony\/event-dispatcher\/EventDispatcher.php","line":56,"args":[["array",[["object","Symfony\\Component\\EventDispatcher\\Debug\\WrappedListener"],["object","Symfony\\Component\\EventDispatcher\\Debug\\WrappedListener"],["object","Symfony\\Component\\EventDispatcher\\Debug\\WrappedListener"],["object","Symfony\\Component\\EventDispatcher\\Debug\\WrappedListener"],["object","Symfony\\Component\\EventDispatcher\\Debug\\WrappedListener"],["object","Symfony\\Component\\EventDispatcher\\Debug\\WrappedListener"],["object","Symfony\\Component\\EventDispatcher\\Debug\\WrappedListener"],["object","Symfony\\Component\\EventDispatcher\\Debug\\WrappedListener"],["object","Symfony\\Component\\EventDispatcher\\Debug\\WrappedListener"],["object","Symfony\\Component\\EventDispatcher\\Debug\\WrappedListener"]]],["string","kernel.request"],["object","Symfony\\Component\\HttpKernel\\Event\\RequestEvent"]]},{"namespace":"Symfony\\Component\\EventDispatcher","short_class":"EventDispatcher","class":"Symfony\\Component\\EventDispatcher\\EventDispatcher","type":"-\u003E","function":"dispatch","file":"\/app\/vendor\/symfony\/event-dispatcher\/Debug\/TraceableEventDispatcher.php","line":126,"args":[["object","Symfony\\Component\\HttpKernel\\Event\\RequestEvent"],["string","kernel.request"]]},{"namespace":"Symfony\\Component\\EventDispatcher\\Debug","short_class":"TraceableEventDispatcher","class":"Symfony\\Component\\EventDispatcher\\Debug\\TraceableEventDispatcher","type":"-\u003E","function":"dispatch","file":"\/app\/vendor\/symfony\/http-kernel\/HttpKernel.php","line":159,"args":[["object","Symfony\\Component\\HttpKernel\\Event\\RequestEvent"],["string","kernel.request"]]},{"namespace":"Symfony\\Component\\HttpKernel","short_class":"HttpKernel","class":"Symfony\\Component\\HttpKernel\\HttpKernel","type":"-\u003E","function":"handleRaw","file":"\/app\/vendor\/symfony\/http-kernel\/HttpKernel.php","line":76,"args":[["object","Symfony\\Component\\HttpFoundation\\Request"],["integer",1]]},{"namespace":"Symfony\\Component\\HttpKernel","short_class":"HttpKernel","class":"Symfony\\Component\\HttpKernel\\HttpKernel","type":"-\u003E","function":"handle","file":"\/app\/vendor\/symfony\/http-kernel\/Kernel.php","line":193,"args":[["object","Symfony\\Component\\HttpFoundation\\Request"],["integer",1],["boolean",true]]},{"namespace":"Symfony\\Component\\HttpKernel","short_class":"Kernel","class":"Symfony\\Component\\HttpKernel\\Kernel","type":"-\u003E","function":"handle","file":"\/app\/vendor\/symfony\/http-kernel\/HttpKernelBrowser.php","line":62,"args":[["object","Symfony\\Component\\HttpFoundation\\Request"],["integer",1],["boolean",true]]},{"namespace":"Symfony\\Component\\HttpKernel","short_class":"HttpKernelBrowser","class":"Symfony\\Component\\HttpKernel\\HttpKernelBrowser","type":"-\u003E","function":"doRequest","file":"\/app\/vendor\/symfony\/framework-bundle\/KernelBrowser.php","line":180,"args":[["object","Symfony\\Component\\HttpFoundation\\Request"]]},{"namespace":"Symfony\\Bundle\\FrameworkBundle","short_class":"KernelBrowser","class":"Symfony\\Bundle\\FrameworkBundle\\KernelBrowser","type":"-\u003E","function":"doRequest","file":"\/app\/vendor\/symfony\/browser-kit\/AbstractBrowser.php","line":398,"args":[["object","Symfony\\Component\\HttpFoundation\\Request"]]},{"namespace":"Symfony\\Component\\BrowserKit","short_class":"AbstractBrowser","class":"Symfony\\Component\\BrowserKit\\AbstractBrowser","type":"-\u003E","function":"request","file":"\/app\/vendor\/api-platform\/symfony\/Bundle\/Test\/Client.php","line":115,"args":[["string","POST"],["string","http:\/\/localhost\/auth"],["array",[]],["array",[]],["array",{"HTTP_USER_AGENT":["string","Symfony BrowserKit"],"HTTP_ACCEPT":["string","application\/ld+json"],"CONTENT_TYPE":["string","application\/json"],"HTTP_CONTENT_LENGTH":["string","67"],"HTTP_REFERER":["string","http:\/\/localhost\/users"],"HTTP_HOST":["string","localhost"],"HTTPS":["boolean",false]}],["string","{\u0022email\u0022:\u0022login69b4fe7cda79f@example.com\u0022,\u0022password\u0022:\u0022password123\u0022}"]]},{"namespace":"ApiPlatform\\Symfony\\Bundle\\Test","short_class":"Client","class":"ApiPlatform\\Symfony\\Bundle\\Test\\Client","type":"-\u003E","function":"request","file":"\/app\/tests\/Api\/AuthTest.php","line":50,"args":[["string","POST"],["array",{"scheme":["string","http:"],"authority":["string","\/\/localhost"],"path":["string","\/auth"],"query":["null",null],"fragment":["null",null]}],["array",{"normalized_headers":["array",{"accept":["array",[["string","accept: application\/ld+json"]]],"content-type":["array",[["string","Content-Type: application\/json"]]],"content-length":["array",[["string","Content-Length: 67"]]]}],"headers":["array",[["string","accept: application\/ld+json"],["string","Content-Type: application\/json"],["string","Content-Length: 67"]]],"query":["array",[]],"body":["string","{\u0022email\u0022:\u0022login69b4fe7cda79f@example.com\u0022,\u0022password\u0022:\u0022password123\u0022}"],"extra":["array",[]],"http_version":["null",null],"timeout":["float",60],"max_duration":["float",0]}]]},{"namespace":"App\\Tests\\Api","short_class":"AuthTest","class":"App\\Tests\\Api\\AuthTest","type":"-\u003E","function":"testLogin","file":"\/app\/vendor\/bin\/.phpunit\/phpunit-9.6-0\/src\/Framework\/TestCase.php","line":1617,"args":[]},{"namespace":"PHPUnit\\Framework","short_class":"TestCase","class":"PHPUnit\\Framework\\TestCase","type":"-\u003E","function":"runTest","file":"\/app\/vendor\/bin\/.phpunit\/phpunit-9.6-0\/src\/Framework\/TestCase.php","line":1223,"args":[]},{"namespace":"PHPUnit\\Framework","short_class":"TestCase","class":"PHPUnit\\Framework\\TestCase","type":"-\u003E","function":"runBare","file":"\/app\/vendor\/bin\/.phpunit\/phpunit-9.6-0\/src\/Framework\/TestResult.php","line":729,"args":[]},{"namespace":"PHPUnit\\Framework","short_class":"TestResult","class":"PHPUnit\\Framework\\TestResult","type":"-\u003E","function":"run","file":"\/app\/vendor\/bin\/.phpunit\/phpunit-9.6-0\/src\/Framework\/TestCase.php","line":973,"args":[["object","App\\Tests\\Api\\AuthTest"]]},{"namespace":"PHPUnit\\Framework","short_class":"TestCase","class":"PHPUnit\\Framework\\TestCase","type":"-\u003E","function":"run","file":"\/app\/vendor\/bin\/.phpunit\/phpunit-9.6-0\/src\/Framework\/TestSuite.php","line":685,"args":[["object","PHPUnit\\Framework\\TestResult"]]},{"namespace":"PHPUnit\\Framework","short_class":"TestSuite","class":"PHPUnit\\Framework\\TestSuite","type":"-\u003E","function":"run","file":"\/app\/vendor\/bin\/.phpunit\/phpunit-9.6-0\/src\/Framework\/TestSuite.php","line":685,"args":[["object","PHPUnit\\Framework\\TestResult"]]},{"namespace":"PHPUnit\\Framework","short_class":"TestSuite","class":"PHPUnit\\Framework\\TestSuite","type":"-\u003E","function":"run","file":"\/app\/vendor\/bin\/.phpunit\/phpunit-9.6-0\/src\/Framework\/TestSuite.php","line":685,"args":[["object","PHPUnit\\Framework\\TestResult"]]},{"namespace":"PHPUnit\\Framework","short_class":"TestSuite","class":"PHPUnit\\Framework\\TestSuite","type":"-\u003E","function":"run","file":"\/app\/vendor\/bin\/.phpunit\/phpunit-9.6-0\/src\/TextUI\/TestRunner.php","line":651,"args":[["object","PHPUnit\\Framework\\TestResult"]]},{"namespace":"PHPUnit\\TextUI","short_class":"TestRunner","class":"PHPUnit\\TextUI\\TestRunner","type":"-\u003E","function":"run","file":"\/app\/vendor\/bin\/.phpunit\/phpunit-9.6-0\/src\/TextUI\/Command.php","line":146,"args":[["object","PHPUnit\\Framework\\TestSuite"],["array",{"extensions":["array",[]],"listGroups":["boolean",false],"listSuites":["boolean",false],"listTests":["boolean",false],"listTestsXml":["boolean",false],"loader":["null",null],"useDefaultConfiguration":["boolean",true],"loadedExtensions":["array",[]],"unavailableExtensions":["array",[]],"notLoadedExtensions":["array",[]],"colors":["string","always"],"filter":["string","AuthTest"],"testSuffixes":["array",[["string","Test.php"],["string",".phpt"]]],"configuration":["string","\/app\/phpunit.xml.dist"],"configurationObject":["object","PHPUnit\\TextUI\\XmlConfiguration\\Configuration"],"stderr":["boolean",false],"columns":["integer",80],"listeners":["array",[["object","Symfony\\Bridge\\PhpUnit\\Legacy\\SymfonyTestsListenerForV7"]]],"warnings":["array",[]],"debug":["boolean",false],"backupGlobals":["boolean",false],"backupStaticAttributes":["boolean",false],"beStrictAboutChangesToGlobalState":["boolean",false],"cacheResult":["boolean",true],"convertDeprecationsToExceptions":["boolean",false],"convertErrorsToExceptions":["boolean",true],"convertNoticesToExceptions":["boolean",true],"convertWarningsToExceptions":["boolean",true],"processIsolation":["boolean",false],"stopOnDefect":["boolean",false],"stopOnError":["boolean",false],"stopOnFailure":["boolean",false],"stopOnWarning":["boolean",false],"stopOnIncomplete":["boolean",false],"stopOnRisky":["boolean",false],"stopOnSkipped":["boolean",false],"failOnEmptyTestSuite":["boolean",false],"failOnIncomplete":["boolean",false],"failOnRisky":["boolean",false],"failOnSkipped":["boolean",false],"failOnWarning":["boolean",false],"enforceTimeLimit":["boolean",false],"defaultTimeLimit":["integer",1],"timeoutForSmallTests":["integer",1],"timeoutForMediumTests":["integer",10],"timeoutForLargeTests":["integer",60],"reportUselessTests":["boolean",true],"strictCoverage":["boolean",false],"ignoreDeprecatedCodeUnitsFromCodeCoverage":["boolean",false],"disallowTestOutput":["boolean",false],"disallowTodoAnnotatedTests":["boolean",false],"beStrictAboutResourceUsageDuringSmallTests":["boolean",false],"verbose":["boolean",false],"reverseDefectList":["boolean",false],"forceCoversAnnotation":["boolean",false],"disableCodeCoverageIgnore":["boolean",false],"registerMockObjectsFromTestArgumentsRecursively":["boolean",false],"noInteraction":["boolean",false],"executionOrder":["integer",0],"resolveDependencies":["boolean",true],"bootstrap":["string","\/app\/tests\/bootstrap.php"],"executionOrderDefects":["integer",0],"crap4jThreshold":["integer",30],"excludeGroups":["array",[]],"groups":["array",[]],"randomOrderSeed":["integer",1773469308],"repeat":["boolean",false],"reportHighLowerBound":["integer",90],"reportLowUpperBound":["integer",50],"reverseList":["boolean",false],"testdoxExcludeGroups":["array",[]],"testdoxGroups":["array",[]],"cacheResultFile":["string","\/app"]}],["array",[]],["boolean",true]]},{"namespace":"PHPUnit\\TextUI","short_class":"Command","class":"PHPUnit\\TextUI\\Command","type":"-\u003E","function":"run","file":"\/app\/vendor\/bin\/.phpunit\/phpunit-9.6-0\/src\/TextUI\/Command.php","line":99,"args":[["array",[["string","bin\/phpunit"],["string","--colors=always"],["string","--filter"],["string","AuthTest"]]],["boolean",true]]},{"namespace":"PHPUnit\\TextUI","short_class":"Command","class":"PHPUnit\\TextUI\\Command","type":"::","function":"main","file":"\/app\/vendor\/bin\/.phpunit\/phpunit-9.6-0\/phpunit","line":22,"args":[]},{"namespace":"","short_class":"","class":"","type":"","function":"include","file":"\/app\/vendor\/symfony\/phpunit-bridge\/bin\/simple-phpunit.php","line":460,"args":[["string","\/app\/vendor\/bin\/.phpunit\/phpunit-9.6-0\/phpunit"]]},{"namespace":"","short_class":"","class":"","type":"","function":"require","file":"\/app\/bin\/phpunit","line":22,"args":[["string","\/app\/vendor\/symfony\/phpunit-bridge\/bin\/simple-phpunit.php"]]}]}

/app/vendor/symfony/framework-bundle/Test/BrowserKitAssertionsTrait.php:188
/app/vendor/symfony/framework-bundle/Test/BrowserKitAssertionsTrait.php:41
/app/tests/Api/AuthTest.php:57

Caused by
ErrorException: ApiPlatform\Metadata\Get::__construct(): Argument #24 ($openapi) must be of type ApiPlatform\OpenApi\Model\Operation|ApiPlatform\OpenApi\Attributes\Webhook|bool|null, array given, called in /app/src/Entity/User.php on line 22 in /app/src/Entity/User.php:28
Stack trace:
#0 /app/vendor/symfony/framework-bundle/Test/BrowserKitAssertionsTrait.php(41): ApiPlatform\Symfony\Bundle\Test\ApiTestCase::assertThatForResponse(Object(Symfony\Component\HttpFoundation\Test\Constraint\ResponseIsSuccessful), '')
#1 /app/tests/Api/AuthTest.php(57): ApiPlatform\Symfony\Bundle\Test\ApiTestCase::assertResponseIsSuccessful()
#2 /app/vendor/bin/.phpunit/phpunit-9.6-0/src/Framework/TestCase.php(1617): App\Tests\Api\AuthTest->testLogin()
#3 /app/vendor/bin/.phpunit/phpunit-9.6-0/src/Framework/TestCase.php(1223): PHPUnit\Framework\TestCase->runTest()
#4 /app/vendor/bin/.phpunit/phpunit-9.6-0/src/Framework/TestResult.php(729): PHPUnit\Framework\TestCase->runBare()
#5 /app/vendor/bin/.phpunit/phpunit-9.6-0/src/Framework/TestCase.php(973): PHPUnit\Framework\TestResult->run(Object(App\Tests\Api\AuthTest))
#6 /app/vendor/bin/.phpunit/phpunit-9.6-0/src/Framework/TestSuite.php(685): PHPUnit\Framework\TestCase->run(Object(PHPUnit\Framework\TestResult))
#7 /app/vendor/bin/.phpunit/phpunit-9.6-0/src/Framework/TestSuite.php(685): PHPUnit\Framework\TestSuite->run(Object(PHPUnit\Framework\TestResult))
#8 /app/vendor/bin/.phpunit/phpunit-9.6-0/src/Framework/TestSuite.php(685): PHPUnit\Framework\TestSuite->run(Object(PHPUnit\Framework\TestResult))
#9 /app/vendor/bin/.phpunit/phpunit-9.6-0/src/TextUI/TestRunner.php(651): PHPUnit\Framework\TestSuite->run(Object(PHPUnit\Framework\TestResult))
#10 /app/vendor/bin/.phpunit/phpunit-9.6-0/src/TextUI/Command.php(146): PHPUnit\TextUI\TestRunner->run(Object(PHPUnit\Framework\TestSuite), Array, Array, true)
#11 /app/vendor/bin/.phpunit/phpunit-9.6-0/src/TextUI/Command.php(99): PHPUnit\TextUI\Command->run(Array, true)
#12 /app/vendor/bin/.phpunit/phpunit-9.6-0/phpunit(22): PHPUnit\TextUI\Command::main()
#13 /app/vendor/symfony/phpunit-bridge/bin/simple-phpunit.php(460): include('/app/vendor/bin...')
#14 /app/bin/phpunit(22): require('/app/vendor/sym...')
#15 {main}

[37;41mFAILURES![0m
[37;41mTests: 2[0m[37;41m, Assertions: 2[0m[37;41m, Failures: 2[0m[37;41m.[0m

Remaining direct deprecation notices (2)

  2x: Since api-platform/symfony 4.1.0: Currently, the kernel will always be booted when a new client is created, but in API Platform 5.0, it will not be booted unless you set `static::$alwaysBootKernel` to `true` (the default will be `false`). See https://github.com/api-platform/core/issues/6971 for more information.
    1x in AuthTest::testRegister from App\Tests\Api
    1x in AuthTest::testLogin from App\Tests\Api

Remaining indirect deprecation notices (3)

  3x: Class "Doctrine\ORM\Proxy\Autoloader" is deprecated. Use native lazy objects instead. (Autoloader.php:74 called by DoctrineBundle.php:136, https://github.com/doctrine/orm/pull/12005, package doctrine/orm)
    2x in AuthTest::testLogin from App\Tests\Api
    1x in AuthTest::testRegister from App\Tests\Api

Other deprecation notices (24)

  3x: Calling Doctrine\ORM\Configuration::setProxyDir is deprecated and will not be possible in Doctrine ORM 4.0. (Configuration.php:68 called by App_KernelTestDebugContainer.php:4284, https://github.com/doctrine/orm/pull/12005, package doctrine/orm)
    2x in AuthTest::tearDown from App\Tests\Api
    1x in AuthTest::testLogin from App\Tests\Api

  3x: Calling Doctrine\ORM\Configuration::setProxyNamespace is deprecated and will not be possible in Doctrine ORM 4.0. (Configuration.php:157 called by App_KernelTestDebugContainer.php:4285, https://github.com/doctrine/orm/pull/12005, package doctrine/orm)
    2x in AuthTest::tearDown from App\Tests\Api
    1x in AuthTest::testLogin from App\Tests\Api

  3x: Calling Doctrine\ORM\Configuration::setAutoGenerateProxyClasses is deprecated and will not be possible in Doctrine ORM 4.0. (Configuration.php:123 called by App_KernelTestDebugContainer.php:4286, https://github.com/doctrine/orm/pull/12005, package doctrine/orm)
    2x in AuthTest::tearDown from App\Tests\Api
    1x in AuthTest::testLogin from App\Tests\Api

  3x: Disabling native lazy objects is deprecated and will be impossible in Doctrine ORM 4.0. (Configuration.php:661 called by App_KernelTestDebugContainer.php:4296, https://github.com/doctrine/orm/pull/12005, package doctrine/orm)
    2x in AuthTest::tearDown from App\Tests\Api
    1x in AuthTest::testLogin from App\Tests\Api

  3x: Calling Doctrine\ORM\Configuration::getProxyDir is deprecated and will not be possible in Doctrine ORM 4.0. (Configuration.php:85 called by EntityManager.php:142, https://github.com/doctrine/orm/pull/12005, package doctrine/orm)
    2x in AuthTest::tearDown from App\Tests\Api
    1x in AuthTest::testLogin from App\Tests\Api

  3x: Calling Doctrine\ORM\Configuration::getProxyNamespace is deprecated and will not be possible in Doctrine ORM 4.0. (Configuration.php:140 called by EntityManager.php:143, https://github.com/doctrine/orm/pull/12005, package doctrine/orm)
    2x in AuthTest::tearDown from App\Tests\Api
    1x in AuthTest::testLogin from App\Tests\Api

  3x: Calling Doctrine\ORM\Configuration::getAutoGenerateProxyClasses is deprecated and will not be possible in Doctrine ORM 4.0. (Configuration.php:104 called by EntityManager.php:144, https://github.com/doctrine/orm/pull/12005, package doctrine/orm)
    2x in AuthTest::tearDown from App\Tests\Api
    1x in AuthTest::testLogin from App\Tests\Api

  3x: Not enabling native lazy objects is deprecated and will be impossible in Doctrine ORM 4.0. (ProxyFactory.php:158 called by EntityManager.php:140, https://github.com/doctrine/orm/pull/12005, package doctrine/orm)
    2x in AuthTest::tearDown from App\Tests\Api
    1x in AuthTest::testLogin from App\Tests\Api

make: *** [Makefile:110: test] Error 1
